
> tp_pokedex@1.0.0 test
> jest --coverage

cmd.exe : FAIL src/tests/trainer.test.js
Au caractère Ligne:1 : 1
+ cmd.exe /c npm test > test_output.txt 2>&1
+ ~~~~~~~~~~~~~~~~~~~~~~~~~~~~~~~~~~~~~~~~~~
    + CategoryInfo          : NotSpecified: (FAIL src/tests/trainer.test.js:String) [], RemoteException
    + FullyQualifiedErrorId : NativeCommandError
 
  ÔùÅ Console

    console.log
      [dotenv@17.3.1] injecting env (2) from props.env -- tip: ÔÜí´©Å secrets for agents: https://dotenvx.com/as2

      at _log (node_modules/dotenv/lib/main.js:139:11)

  ÔùÅ Trainer API ÔÇ║ should create a trainer

    expect(received).toBe(expected) // Object.is equality

    Expected: 201
    Received: 404

    [0m [90m 51 |[39m       })[33m;[39m
     [90m 52 |[39m
    [31m[1m>[22m[39m[90m 53 |[39m     expect(res[33m.[39mstatusCode)[33m.[39mtoBe([35m201[39m)[33m;[39m
     [90m    |[39m                            [31m[1m^[22m[39m
     [90m 54 |[39m     expect(res[33m.[39mbody[33m.[39mtrainerName)[33m.[39mtoBe([32m"Ash 
Ketchum"[39m)[33m;[39m
     [90m 55 |[39m     trainerId [33m=[39m res[33m.[39mbody[33m.[39m_id[33m;[39m
     [90m 56 |[39m   })[33m;[39m[0m

      at Object.toBe (src/tests/trainer.test.js:53:28)

  ÔùÅ Trainer API ÔÇ║ should get trainer info

    expect(received).toBe(expected) // Object.is equality

    Expected: 200
    Received: 404

    [0m [90m 61 |[39m       [33m.[39m[36mset[39m([32m"Authorization"[39m[33m,[39m [32m`Bearer 
${token}`[39m)[33m;[39m
     [90m 62 |[39m
    [31m[1m>[22m[39m[90m 63 |[39m     expect(res[33m.[39mstatusCode)[33m.[39mtoBe([35m200[39m)[33m;[39m
     [90m    |[39m                            [31m[1m^[22m[39m
     [90m 64 |[39m     expect(res[33m.[39mbody)[33m.[39mtoHaveProperty([32m"trainerName"[39m)[33m;[39m
     [90m 65 |[39m   })[33m;[39m
     [90m 66 |[39m[0m

      at Object.toBe (src/tests/trainer.test.js:63:28)

  ÔùÅ Trainer API ÔÇ║ should update trainer info

    expect(received).toBe(expected) // Object.is equality

    Expected: 200
    Received: 404

    [0m [90m 71 |[39m       [33m.[39msend({ trainerName[33m:[39m [32m"Ash K."[39m })[33m;[39m
     [90m 72 |[39m
    [31m[1m>[22m[39m[90m 73 |[39m     expect(res[33m.[39mstatusCode)[33m.[39mtoBe([35m200[39m)[33m;[39m
     [90m    |[39m                            [31m[1m^[22m[39m
     [90m 74 |[39m     expect(res[33m.[39mbody[33m.[39mtrainerName)[33m.[39mtoBe([32m"Ash K."[39m)[33m;[39m
     [90m 75 |[39m   })[33m;[39m
     [90m 76 |[39m[0m

      at Object.toBe (src/tests/trainer.test.js:73:28)

  ÔùÅ Trainer API ÔÇ║ should delete trainer

    expect(received).toBe(expected) // Object.is equality

    Expected: 200
    Received: 404

    [0m [90m 80 |[39m       [33m.[39m[36mset[39m([32m"Authorization"[39m[33m,[39m [32m`Bearer 
${token}`[39m)[33m;[39m
     [90m 81 |[39m
    [31m[1m>[22m[39m[90m 82 |[39m     expect(res[33m.[39mstatusCode)[33m.[39mtoBe([35m200[39m)[33m;[39m
     [90m    |[39m                            [31m[1m^[22m[39m
     [90m 83 |[39m   })[33m;[39m
     [90m 84 |[39m
     [90m 85 |[39m })[33m;[39m[0m

      at Object.toBe (src/tests/trainer.test.js:82:28)

(node:17356) [MONGOOSE] Warning: mongoose: the `new` option for `findOneAndUpdate()` and `findOneAndReplace()` is 
deprecated. Use `returnDocument: 'after'` instead.
(Use `node --trace-warnings ...` to show where the warning was created)
FAIL src/tests/pkmn.test.js
  ÔùÅ Console

    console.log
      [dotenv@17.3.1] injecting env (2) from props.env -- tip: ÔÜÖ´©Å  enable debug logging with { debug: true }

      at _log (node_modules/dotenv/lib/main.js:139:11)

  ÔùÅ Pokemon API ÔÇ║ should get all pokemon

    expect(received).toBe(expected) // Object.is equality

    Expected: true
    Received: false

    [0m [90m 55 |[39m
     [90m 56 |[39m     expect(res[33m.[39mstatusCode)[33m.[39mtoBe([35m200[39m)[33m;[39m
    [31m[1m>[22m[39m[90m 57 |[39m     
expect([33mArray[39m[33m.[39misArray(res[33m.[39mbody))[33m.[39mtoBe([36mtrue[39m)[33m;[39m
     [90m    |[39m                                     [31m[1m^[22m[39m
     [90m 58 |[39m     
expect(res[33m.[39mbody[33m.[39mlength)[33m.[39mtoBeGreaterThanOrEqual([35m1[39m)[33m;[39m
     [90m 59 |[39m   })[33m;[39m
     [90m 60 |[39m[0m

      at Object.toBe (src/tests/pkmn.test.js:57:37)

-------------------------|---------|----------|---------|---------|---------------------------------------------------------
File                     | % Stmts | % Branch | % Funcs | % Lines | Uncovered Line #s                                       
-------------------------|---------|----------|---------|---------|---------------------------------------------------------
All files                |   57.23 |    15.71 |   44.44 |   60.45 |                                                         
 backend                 |   96.15 |      100 |       0 |   96.15 |                                                         
  app.js                 |   96.15 |      100 |       0 |   96.15 | 43                                                      
 backend/src/config      |     100 |      100 |     100 |     100 |                                                         
  permissions.js         |     100 |      100 |     100 |     100 |                                                         
 backend/src/controllers |   35.59 |     8.92 |      30 |   39.13 |                                                         
  auth.controller.js     |   77.77 |       50 |   66.66 |   77.77 | 17,23,32,39,58-59                                       
  pkmn.controller.js     |    39.5 |       15 |   33.33 |   41.02 | 7-9,21,27-32,37-58,69,82,90-112,117-134,152,158,163,172 
  trainer.controller.js  |   14.49 |        0 |       0 |   17.85 | 8-29,34-48,54-68,74-83,89-116                           
 backend/src/middlewares |      90 |       50 |     100 |      90 |                                                         
  auth.middleware.js     |     100 |      100 |     100 |     100 |                                                         
  perm.middleware.js     |      80 |       50 |     100 |      80 | 8,16                                                    
 backend/src/models      |     100 |       75 |     100 |     100 |                                                         
  Pkmn.model.js          |     100 |      100 |     100 |     100 |                                                         
  PkmnType.js            |     100 |      100 |     100 |     100 |                                                         
  trainer.model.js       |     100 |      100 |     100 |     100 |                                                         
  user.model.js          |     100 |       50 |     100 |     100 | 22                                                      
 backend/src/routes      |     100 |      100 |     100 |     100 |                                                         
  authRouter.js          |     100 |      100 |     100 |     100 |                                                         
  index.js               |     100 |      100 |     100 |     100 |                                                         
  pkmn.routes.js         |     100 |      100 |     100 |     100 |                                                         
  trainer.routes.js      |     100 |      100 |     100 |     100 |                                                         
 backend/src/services    |   37.14 |        0 |   28.57 |   39.39 |                                                         
  pkmn.service.js        |      75 |      100 |       0 |      75 | 4                                                       
  user.service.js        |   32.25 |        0 |   33.33 |   34.48 | 6-16,20,29-34,39-48                                     
-------------------------|---------|----------|---------|---------|---------------------------------------------------------
Test Suites: 2 failed, 2 total
Tests:       5 failed, 3 passed, 8 total
Snapshots:   0 total
Time:        2.795 s, estimated 4 s
Ran all test suites.
